Analysis & Synthesis report for dut
Sun Nov 07 16:14:27 2021
Quartus Prime Version 20.1.1 Build 720 11/11/2020 SJ Lite Edition


---------------------
; Table of Contents ;
---------------------
  1. Legal Notice
  2. Analysis & Synthesis Summary
  3. Analysis & Synthesis Settings
  4. Parallel Compilation
  5. Analysis & Synthesis Source Files Read
  6. Analysis & Synthesis Resource Usage Summary
  7. Analysis & Synthesis Resource Utilization by Entity
  8. Registers Removed During Synthesis
  9. General Register Statistics
 10. Multiplexer Restructuring Statistics (Restructuring Performed)
 11. Port Connectivity Checks: "booth_multiplier_8bit:bm|action_dec:block_3"
 12. Port Connectivity Checks: "booth_multiplier_8bit:bm|action_dec:block_2"
 13. Port Connectivity Checks: "booth_multiplier_8bit:bm|action_dec:block_1"
 14. Port Connectivity Checks: "booth_multiplier_8bit:bm|action_dec:block_0|carry_select_adder_sub_8bit:adder_2"
 15. Port Connectivity Checks: "booth_multiplier_8bit:bm|action_dec:block_0|carry_select_adder_sub_8bit:adder_1|carry_select_adder_8bit:csa_0|carry_look_ahead_adder_4bit:claa_2_MSB_High"
 16. Port Connectivity Checks: "booth_multiplier_8bit:bm|action_dec:block_0|carry_select_adder_sub_8bit:adder_1|carry_select_adder_8bit:csa_0|carry_look_ahead_adder_4bit:claa_1_MSB_Low"
 17. Port Connectivity Checks: "booth_multiplier_8bit:bm|action_dec:block_0|carry_select_adder_sub_8bit:adder_1|carry_select_adder_8bit:csa_0|carry_look_ahead_adder_4bit:claa_0_LSB|full_adder_approx:fa_3"
 18. Port Connectivity Checks: "booth_multiplier_8bit:bm|action_dec:block_0|carry_select_adder_sub_8bit:adder_1|carry_select_adder_8bit:csa_0|carry_look_ahead_adder_4bit:claa_0_LSB|full_adder_approx:fa_2"
 19. Port Connectivity Checks: "booth_multiplier_8bit:bm|action_dec:block_0|carry_select_adder_sub_8bit:adder_1|carry_select_adder_8bit:csa_0|carry_look_ahead_adder_4bit:claa_0_LSB|full_adder_approx:fa_1"
 20. Port Connectivity Checks: "booth_multiplier_8bit:bm|action_dec:block_0|carry_select_adder_sub_8bit:adder_1|carry_select_adder_8bit:csa_0|carry_look_ahead_adder_4bit:claa_0_LSB|full_adder_approx:fa_0"
 21. Port Connectivity Checks: "booth_multiplier_8bit:bm|action_dec:block_0|carry_select_adder_sub_8bit:adder_1"
 22. Port Connectivity Checks: "booth_multiplier_8bit:bm|action_dec:block_0"
 23. Post-Synthesis Netlist Statistics for Top Partition
 24. Elapsed Time Per Partition
 25. Analysis & Synthesis Messages



----------------
; Legal Notice ;
----------------
Copyright (C) 2020  Intel Corporation. All rights reserved.
Your use of Intel Corporation's design tools, logic functions 
and other software and tools, and any partner logic 
functions, and any output files from any of the foregoing 
(including device programming or simulation files), and any 
associated documentation or information are expressly subject 
to the terms and conditions of the Intel Program License 
Subscription Agreement, the Intel Quartus Prime License Agreement,
the Intel FPGA IP License Agreement, or other applicable license
agreement, including, without limitation, that your use is for
the sole purpose of programming logic devices manufactured by
Intel and sold by Intel or its authorized distributors.  Please
refer to the applicable agreement for further details, at
https://fpgasoftware.intel.com/eula.



+----------------------------------------------------------------------------------+
; Analysis & Synthesis Summary                                                     ;
+------------------------------------+---------------------------------------------+
; Analysis & Synthesis Status        ; Successful - Sun Nov 07 16:14:27 2021       ;
; Quartus Prime Version              ; 20.1.1 Build 720 11/11/2020 SJ Lite Edition ;
; Revision Name                      ; dut                                         ;
; Top-level Entity Name              ; dut                                         ;
; Family                             ; Cyclone IV E                                ;
; Total logic elements               ; 165                                         ;
;     Total combinational functions  ; 95                                          ;
;     Dedicated logic registers      ; 115                                         ;
; Total registers                    ; 115                                         ;
; Total pins                         ; 119                                         ;
; Total virtual pins                 ; 0                                           ;
; Total memory bits                  ; 0                                           ;
; Embedded Multiplier 9-bit elements ; 0                                           ;
; Total PLLs                         ; 0                                           ;
+------------------------------------+---------------------------------------------+


+------------------------------------------------------------------------------------------------------------+
; Analysis & Synthesis Settings                                                                              ;
+------------------------------------------------------------------+--------------------+--------------------+
; Option                                                           ; Setting            ; Default Value      ;
+------------------------------------------------------------------+--------------------+--------------------+
; Device                                                           ; EP4CE115F29C7      ;                    ;
; Top-level entity name                                            ; dut                ; dut                ;
; Family name                                                      ; Cyclone IV E       ; Cyclone V          ;
; Use smart compilation                                            ; Off                ; Off                ;
; Enable parallel Assembler and Timing Analyzer during compilation ; On                 ; On                 ;
; Enable compact report table                                      ; Off                ; Off                ;
; Restructure Multiplexers                                         ; Auto               ; Auto               ;
; Create Debugging Nodes for IP Cores                              ; Off                ; Off                ;
; Preserve fewer node names                                        ; On                 ; On                 ;
; Intel FPGA IP Evaluation Mode                                    ; Enable             ; Enable             ;
; Verilog Version                                                  ; Verilog_2001       ; Verilog_2001       ;
; VHDL Version                                                     ; VHDL_1993          ; VHDL_1993          ;
; State Machine Processing                                         ; Auto               ; Auto               ;
; Safe State Machine                                               ; Off                ; Off                ;
; Extract Verilog State Machines                                   ; On                 ; On                 ;
; Extract VHDL State Machines                                      ; On                 ; On                 ;
; Ignore Verilog initial constructs                                ; Off                ; Off                ;
; Iteration limit for constant Verilog loops                       ; 5000               ; 5000               ;
; Iteration limit for non-constant Verilog loops                   ; 250                ; 250                ;
; Add Pass-Through Logic to Inferred RAMs                          ; On                 ; On                 ;
; Infer RAMs from Raw Logic                                        ; On                 ; On                 ;
; Parallel Synthesis                                               ; On                 ; On                 ;
; DSP Block Balancing                                              ; Auto               ; Auto               ;
; NOT Gate Push-Back                                               ; On                 ; On                 ;
; Power-Up Don't Care                                              ; On                 ; On                 ;
; Remove Redundant Logic Cells                                     ; Off                ; Off                ;
; Remove Duplicate Registers                                       ; On                 ; On                 ;
; Ignore CARRY Buffers                                             ; Off                ; Off                ;
; Ignore CASCADE Buffers                                           ; Off                ; Off                ;
; Ignore GLOBAL Buffers                                            ; Off                ; Off                ;
; Ignore ROW GLOBAL Buffers                                        ; Off                ; Off                ;
; Ignore LCELL Buffers                                             ; Off                ; Off                ;
; Ignore SOFT Buffers                                              ; On                 ; On                 ;
; Limit AHDL Integers to 32 Bits                                   ; Off                ; Off                ;
; Optimization Technique                                           ; Balanced           ; Balanced           ;
; Carry Chain Length                                               ; 70                 ; 70                 ;
; Auto Carry Chains                                                ; On                 ; On                 ;
; Auto Open-Drain Pins                                             ; On                 ; On                 ;
; Perform WYSIWYG Primitive Resynthesis                            ; Off                ; Off                ;
; Auto ROM Replacement                                             ; On                 ; On                 ;
; Auto RAM Replacement                                             ; On                 ; On                 ;
; Auto DSP Block Replacement                                       ; On                 ; On                 ;
; Auto Shift Register Replacement                                  ; Auto               ; Auto               ;
; Allow Shift Register Merging across Hierarchies                  ; Auto               ; Auto               ;
; Auto Clock Enable Replacement                                    ; On                 ; On                 ;
; Strict RAM Replacement                                           ; Off                ; Off                ;
; Allow Synchronous Control Signals                                ; On                 ; On                 ;
; Force Use of Synchronous Clear Signals                           ; Off                ; Off                ;
; Auto RAM Block Balancing                                         ; On                 ; On                 ;
; Auto RAM to Logic Cell Conversion                                ; Off                ; Off                ;
; Auto Resource Sharing                                            ; Off                ; Off                ;
; Allow Any RAM Size For Recognition                               ; Off                ; Off                ;
; Allow Any ROM Size For Recognition                               ; Off                ; Off                ;
; Allow Any Shift Register Size For Recognition                    ; Off                ; Off                ;
; Use LogicLock Constraints during Resource Balancing              ; On                 ; On                 ;
; Ignore translate_off and synthesis_off directives                ; Off                ; Off                ;
; Timing-Driven Synthesis                                          ; On                 ; On                 ;
; Report Parameter Settings                                        ; On                 ; On                 ;
; Report Source Assignments                                        ; On                 ; On                 ;
; Report Connectivity Checks                                       ; On                 ; On                 ;
; Ignore Maximum Fan-Out Assignments                               ; Off                ; Off                ;
; Synchronization Register Chain Length                            ; 2                  ; 2                  ;
; Power Optimization During Synthesis                              ; Normal compilation ; Normal compilation ;
; HDL message level                                                ; Level2             ; Level2             ;
; Suppress Register Optimization Related Messages                  ; Off                ; Off                ;
; Number of Removed Registers Reported in Synthesis Report         ; 5000               ; 5000               ;
; Number of Swept Nodes Reported in Synthesis Report               ; 5000               ; 5000               ;
; Number of Inverted Registers Reported in Synthesis Report        ; 100                ; 100                ;
; Clock MUX Protection                                             ; On                 ; On                 ;
; Auto Gated Clock Conversion                                      ; Off                ; Off                ;
; Block Design Naming                                              ; Auto               ; Auto               ;
; SDC constraint protection                                        ; Off                ; Off                ;
; Synthesis Effort                                                 ; Auto               ; Auto               ;
; Shift Register Replacement - Allow Asynchronous Clear Signal     ; On                 ; On                 ;
; Pre-Mapping Resynthesis Optimization                             ; Off                ; Off                ;
; Analysis & Synthesis Message Level                               ; Medium             ; Medium             ;
; Disable Register Merging Across Hierarchies                      ; Auto               ; Auto               ;
; Resource Aware Inference For Block RAM                           ; On                 ; On                 ;
+------------------------------------------------------------------+--------------------+--------------------+


+------------------------------------------+
; Parallel Compilation                     ;
+----------------------------+-------------+
; Processors                 ; Number      ;
+----------------------------+-------------+
; Number detected on machine ; 12          ;
; Maximum allowed            ; 6           ;
;                            ;             ;
; Average used               ; 1.00        ;
; Maximum used               ; 6           ;
;                            ;             ;
; Usage by Processor         ; % Time Used ;
;     Processor 1            ; 100.0%      ;
;     Processors 2-6         ;   0.0%      ;
+----------------------------+-------------+


+-------------------------------------------------------------------------------------------------------------------------------------------------------------------------------------------------------------------------+
; Analysis & Synthesis Source Files Read                                                                                                                                                                                  ;
+----------------------------------+-----------------+------------------------------+---------------------------------------------------------------------------------------------------------------------------+---------+
; File Name with User-Entered Path ; Used in Netlist ; File Type                    ; File Name with Absolute Path                                                                                              ; Library ;
+----------------------------------+-----------------+------------------------------+---------------------------------------------------------------------------------------------------------------------------+---------+
; half_adder_approx.sv             ; yes             ; User SystemVerilog HDL File  ; C:/Users/chris/Dropbox/School/CME433/Literature/433_LiteratureReview/Prototypes/dut-approx/half_adder_approx.sv           ;         ;
; full_adder_approx.sv             ; yes             ; User SystemVerilog HDL File  ; C:/Users/chris/Dropbox/School/CME433/Literature/433_LiteratureReview/Prototypes/dut-approx/full_adder_approx.sv           ;         ;
; dut.sv                           ; yes             ; User SystemVerilog HDL File  ; C:/Users/chris/Dropbox/School/CME433/Literature/433_LiteratureReview/Prototypes/dut-approx/dut.sv                         ;         ;
; carry_select_adder_sub_8bit.sv   ; yes             ; User SystemVerilog HDL File  ; C:/Users/chris/Dropbox/School/CME433/Literature/433_LiteratureReview/Prototypes/dut-approx/carry_select_adder_sub_8bit.sv ;         ;
; carry_select_adder_8bit.sv       ; yes             ; User SystemVerilog HDL File  ; C:/Users/chris/Dropbox/School/CME433/Literature/433_LiteratureReview/Prototypes/dut-approx/carry_select_adder_8bit.sv     ;         ;
; carry_look_ahead_adder_4bit.sv   ; yes             ; User SystemVerilog HDL File  ; C:/Users/chris/Dropbox/School/CME433/Literature/433_LiteratureReview/Prototypes/dut-approx/carry_look_ahead_adder_4bit.sv ;         ;
; booth_multiplier_8bit.sv         ; yes             ; User SystemVerilog HDL File  ; C:/Users/chris/Dropbox/School/CME433/Literature/433_LiteratureReview/Prototypes/dut-approx/booth_multiplier_8bit.sv       ;         ;
; action_dec.sv                    ; yes             ; User SystemVerilog HDL File  ; C:/Users/chris/Dropbox/School/CME433/Literature/433_LiteratureReview/Prototypes/dut-approx/action_dec.sv                  ;         ;
+----------------------------------+-----------------+------------------------------+---------------------------------------------------------------------------------------------------------------------------+---------+


+---------------------------------------------------------+
; Analysis & Synthesis Resource Usage Summary             ;
+---------------------------------------------+-----------+
; Resource                                    ; Usage     ;
+---------------------------------------------+-----------+
; Estimated Total logic elements              ; 165       ;
;                                             ;           ;
; Total combinational functions               ; 95        ;
; Logic element usage by number of LUT inputs ;           ;
;     -- 4 input functions                    ; 0         ;
;     -- 3 input functions                    ; 76        ;
;     -- <=2 input functions                  ; 19        ;
;                                             ;           ;
; Logic elements by mode                      ;           ;
;     -- normal mode                          ; 43        ;
;     -- arithmetic mode                      ; 52        ;
;                                             ;           ;
; Total registers                             ; 115       ;
;     -- Dedicated logic registers            ; 115       ;
;     -- I/O registers                        ; 0         ;
;                                             ;           ;
; I/O pins                                    ; 119       ;
;                                             ;           ;
; Embedded Multiplier 9-bit elements          ; 0         ;
;                                             ;           ;
; Maximum fan-out node                        ; clk~input ;
; Maximum fan-out                             ; 115       ;
; Total fan-out                               ; 714       ;
; Average fan-out                             ; 1.59      ;
+---------------------------------------------+-----------+


+----------------------------------------------------------------------------------------------------------------------------------------------------------------------------------------------------------------------------------------------------+
; Analysis & Synthesis Resource Utilization by Entity                                                                                                                                                                                                ;
+-------------------------------+---------------------+---------------------------+-------------+--------------+---------+-----------+------+--------------+--------------------------------------------------+-----------------------+--------------+
; Compilation Hierarchy Node    ; Combinational ALUTs ; Dedicated Logic Registers ; Memory Bits ; DSP Elements ; DSP 9x9 ; DSP 18x18 ; Pins ; Virtual Pins ; Full Hierarchy Name                              ; Entity Name           ; Library Name ;
+-------------------------------+---------------------+---------------------------+-------------+--------------+---------+-----------+------+--------------+--------------------------------------------------+-----------------------+--------------+
; |dut                          ; 95 (0)              ; 115 (115)                 ; 0           ; 0            ; 0       ; 0         ; 119  ; 0            ; |dut                                             ; dut                   ; work         ;
;    |booth_multiplier_8bit:bm| ; 95 (27)             ; 0 (0)                     ; 0           ; 0            ; 0       ; 0         ; 0    ; 0            ; |dut|booth_multiplier_8bit:bm                    ; booth_multiplier_8bit ; work         ;
;       |action_dec:block_0|    ; 68 (68)             ; 0 (0)                     ; 0           ; 0            ; 0       ; 0         ; 0    ; 0            ; |dut|booth_multiplier_8bit:bm|action_dec:block_0 ; action_dec            ; work         ;
+-------------------------------+---------------------+---------------------------+-------------+--------------+---------+-----------+------+--------------+--------------------------------------------------+-----------------------+--------------+
Note: For table entries with two numbers listed, the numbers in parentheses indicate the number of resources of the given type used by the specific entity alone. The numbers listed outside of parentheses indicate the total resources of the given type used by the specific entity and all of its sub-entities in the hierarchy.


+--------------------------------------------------------------------------------+
; Registers Removed During Synthesis                                             ;
+---------------------------------------+----------------------------------------+
; Register name                         ; Reason for Removal                     ;
+---------------------------------------+----------------------------------------+
; Cout~reg0                             ; Stuck at GND due to stuck port data_in ;
; g0[0]~reg0                            ; Stuck at GND due to stuck port data_in ;
; decode_x[0]~reg0                      ; Stuck at GND due to stuck port data_in ;
; Total Number of Removed Registers = 3 ;                                        ;
+---------------------------------------+----------------------------------------+


+------------------------------------------------------+
; General Register Statistics                          ;
+----------------------------------------------+-------+
; Statistic                                    ; Value ;
+----------------------------------------------+-------+
; Total registers                              ; 115   ;
; Number of registers using Synchronous Clear  ; 0     ;
; Number of registers using Synchronous Load   ; 0     ;
; Number of registers using Asynchronous Clear ; 0     ;
; Number of registers using Asynchronous Load  ; 0     ;
; Number of registers using Clock Enable       ; 0     ;
; Number of registers using Preset             ; 0     ;
+----------------------------------------------+-------+


+----------------------------------------------------------------------------------------------------------------------------------------------------------------------+
; Multiplexer Restructuring Statistics (Restructuring Performed)                                                                                                       ;
+--------------------+-----------+---------------+----------------------+------------------------+------------+--------------------------------------------------------+
; Multiplexer Inputs ; Bus Width ; Baseline Area ; Area if Restructured ; Saving if Restructured ; Registered ; Example Multiplexer Output                             ;
+--------------------+-----------+---------------+----------------------+------------------------+------------+--------------------------------------------------------+
; 4:1                ; 8 bits    ; 16 LEs        ; 16 LEs               ; 0 LEs                  ; No         ; |dut|booth_multiplier_8bit:bm|action_dec:block_0|Mux15 ;
; 4:1                ; 8 bits    ; 16 LEs        ; 16 LEs               ; 0 LEs                  ; No         ; |dut|booth_multiplier_8bit:bm|action_dec:block_1|Mux15 ;
; 4:1                ; 8 bits    ; 16 LEs        ; 16 LEs               ; 0 LEs                  ; No         ; |dut|booth_multiplier_8bit:bm|action_dec:block_2|Mux15 ;
; 4:1                ; 8 bits    ; 16 LEs        ; 16 LEs               ; 0 LEs                  ; No         ; |dut|booth_multiplier_8bit:bm|action_dec:block_3|Mux15 ;
+--------------------+-----------+---------------+----------------------+------------------------+------------+--------------------------------------------------------+


+------------------------------------------------------------------------------------------------------------------------------------------------------+
; Port Connectivity Checks: "booth_multiplier_8bit:bm|action_dec:block_3"                                                                              ;
+------+--------+----------+---------------------------------------------------------------------------------------------------------------------------+
; Port ; Type   ; Severity ; Details                                                                                                                   ;
+------+--------+----------+---------------------------------------------------------------------------------------------------------------------------+
; pp   ; Output ; Warning  ; Output or bidir port (17 bits) is wider than the port expression (16 bits) it drives; bit(s) "pp[16..16]" have no fanouts ;
+------+--------+----------+---------------------------------------------------------------------------------------------------------------------------+


+------------------------------------------------------------------------------------------------------------------------------------------------------+
; Port Connectivity Checks: "booth_multiplier_8bit:bm|action_dec:block_2"                                                                              ;
+------+--------+----------+---------------------------------------------------------------------------------------------------------------------------+
; Port ; Type   ; Severity ; Details                                                                                                                   ;
+------+--------+----------+---------------------------------------------------------------------------------------------------------------------------+
; pp   ; Output ; Warning  ; Output or bidir port (17 bits) is wider than the port expression (16 bits) it drives; bit(s) "pp[16..16]" have no fanouts ;
+------+--------+----------+---------------------------------------------------------------------------------------------------------------------------+


+------------------------------------------------------------------------------------------------------------------------------------------------------+
; Port Connectivity Checks: "booth_multiplier_8bit:bm|action_dec:block_1"                                                                              ;
+------+--------+----------+---------------------------------------------------------------------------------------------------------------------------+
; Port ; Type   ; Severity ; Details                                                                                                                   ;
+------+--------+----------+---------------------------------------------------------------------------------------------------------------------------+
; pp   ; Output ; Warning  ; Output or bidir port (17 bits) is wider than the port expression (16 bits) it drives; bit(s) "pp[16..16]" have no fanouts ;
+------+--------+----------+---------------------------------------------------------------------------------------------------------------------------+


+-------------------------------------------------------------------------------------------------------------+
; Port Connectivity Checks: "booth_multiplier_8bit:bm|action_dec:block_0|carry_select_adder_sub_8bit:adder_2" ;
+--------+-------+----------+---------------------------------------------------------------------------------+
; Port   ; Type  ; Severity ; Details                                                                         ;
+--------+-------+----------+---------------------------------------------------------------------------------+
; AddSub ; Input ; Info     ; Stuck at GND                                                                    ;
+--------+-------+----------+---------------------------------------------------------------------------------+


+---------------------------------------------------------------------------------------------------------------------------------------------------------------------------------------+
; Port Connectivity Checks: "booth_multiplier_8bit:bm|action_dec:block_0|carry_select_adder_sub_8bit:adder_1|carry_select_adder_8bit:csa_0|carry_look_ahead_adder_4bit:claa_2_MSB_High" ;
+------+-------+----------+-------------------------------------------------------------------------------------------------------------------------------------------------------------+
; Port ; Type  ; Severity ; Details                                                                                                                                                     ;
+------+-------+----------+-------------------------------------------------------------------------------------------------------------------------------------------------------------+
; Cin  ; Input ; Info     ; Stuck at VCC                                                                                                                                                ;
+------+-------+----------+-------------------------------------------------------------------------------------------------------------------------------------------------------------+


+--------------------------------------------------------------------------------------------------------------------------------------------------------------------------------------+
; Port Connectivity Checks: "booth_multiplier_8bit:bm|action_dec:block_0|carry_select_adder_sub_8bit:adder_1|carry_select_adder_8bit:csa_0|carry_look_ahead_adder_4bit:claa_1_MSB_Low" ;
+------+-------+----------+------------------------------------------------------------------------------------------------------------------------------------------------------------+
; Port ; Type  ; Severity ; Details                                                                                                                                                    ;
+------+-------+----------+------------------------------------------------------------------------------------------------------------------------------------------------------------+
; Cin  ; Input ; Info     ; Stuck at GND                                                                                                                                               ;
+------+-------+----------+------------------------------------------------------------------------------------------------------------------------------------------------------------+


+---------------------------------------------------------------------------------------------------------------------------------------------------------------------------------------------------------+
; Port Connectivity Checks: "booth_multiplier_8bit:bm|action_dec:block_0|carry_select_adder_sub_8bit:adder_1|carry_select_adder_8bit:csa_0|carry_look_ahead_adder_4bit:claa_0_LSB|full_adder_approx:fa_3" ;
+------+--------+----------+------------------------------------------------------------------------------------------------------------------------------------------------------------------------------+
; Port ; Type   ; Severity ; Details                                                                                                                                                                      ;
+------+--------+----------+------------------------------------------------------------------------------------------------------------------------------------------------------------------------------+
; Cin  ; Input  ; Info     ; Stuck at GND                                                                                                                                                                 ;
; Cout ; Output ; Warning  ; Declared by entity but not connected by instance. Logic that only feeds a dangling port will be removed.                                                                     ;
+------+--------+----------+------------------------------------------------------------------------------------------------------------------------------------------------------------------------------+


+---------------------------------------------------------------------------------------------------------------------------------------------------------------------------------------------------------+
; Port Connectivity Checks: "booth_multiplier_8bit:bm|action_dec:block_0|carry_select_adder_sub_8bit:adder_1|carry_select_adder_8bit:csa_0|carry_look_ahead_adder_4bit:claa_0_LSB|full_adder_approx:fa_2" ;
+------+--------+----------+------------------------------------------------------------------------------------------------------------------------------------------------------------------------------+
; Port ; Type   ; Severity ; Details                                                                                                                                                                      ;
+------+--------+----------+------------------------------------------------------------------------------------------------------------------------------------------------------------------------------+
; Cin  ; Input  ; Info     ; Stuck at GND                                                                                                                                                                 ;
; Cout ; Output ; Warning  ; Declared by entity but not connected by instance. Logic that only feeds a dangling port will be removed.                                                                     ;
+------+--------+----------+------------------------------------------------------------------------------------------------------------------------------------------------------------------------------+


+---------------------------------------------------------------------------------------------------------------------------------------------------------------------------------------------------------+
; Port Connectivity Checks: "booth_multiplier_8bit:bm|action_dec:block_0|carry_select_adder_sub_8bit:adder_1|carry_select_adder_8bit:csa_0|carry_look_ahead_adder_4bit:claa_0_LSB|full_adder_approx:fa_1" ;
+------+--------+----------+------------------------------------------------------------------------------------------------------------------------------------------------------------------------------+
; Port ; Type   ; Severity ; Details                                                                                                                                                                      ;
+------+--------+----------+------------------------------------------------------------------------------------------------------------------------------------------------------------------------------+
; Cin  ; Input  ; Info     ; Stuck at GND                                                                                                                                                                 ;
; Cout ; Output ; Warning  ; Declared by entity but not connected by instance. Logic that only feeds a dangling port will be removed.                                                                     ;
+------+--------+----------+------------------------------------------------------------------------------------------------------------------------------------------------------------------------------+


+---------------------------------------------------------------------------------------------------------------------------------------------------------------------------------------------------------+
; Port Connectivity Checks: "booth_multiplier_8bit:bm|action_dec:block_0|carry_select_adder_sub_8bit:adder_1|carry_select_adder_8bit:csa_0|carry_look_ahead_adder_4bit:claa_0_LSB|full_adder_approx:fa_0" ;
+------+--------+----------+------------------------------------------------------------------------------------------------------------------------------------------------------------------------------+
; Port ; Type   ; Severity ; Details                                                                                                                                                                      ;
+------+--------+----------+------------------------------------------------------------------------------------------------------------------------------------------------------------------------------+
; Cout ; Output ; Warning  ; Declared by entity but not connected by instance. Logic that only feeds a dangling port will be removed.                                                                     ;
+------+--------+----------+------------------------------------------------------------------------------------------------------------------------------------------------------------------------------+


+-------------------------------------------------------------------------------------------------------------+
; Port Connectivity Checks: "booth_multiplier_8bit:bm|action_dec:block_0|carry_select_adder_sub_8bit:adder_1" ;
+--------+-------+----------+---------------------------------------------------------------------------------+
; Port   ; Type  ; Severity ; Details                                                                         ;
+--------+-------+----------+---------------------------------------------------------------------------------+
; AddSub ; Input ; Info     ; Stuck at GND                                                                    ;
+--------+-------+----------+---------------------------------------------------------------------------------+


+------------------------------------------------------------------------------------------------------------------------------------------------------+
; Port Connectivity Checks: "booth_multiplier_8bit:bm|action_dec:block_0"                                                                              ;
+------+--------+----------+---------------------------------------------------------------------------------------------------------------------------+
; Port ; Type   ; Severity ; Details                                                                                                                   ;
+------+--------+----------+---------------------------------------------------------------------------------------------------------------------------+
; g[0] ; Input  ; Info     ; Stuck at GND                                                                                                              ;
; pp   ; Output ; Warning  ; Output or bidir port (17 bits) is wider than the port expression (16 bits) it drives; bit(s) "pp[16..16]" have no fanouts ;
+------+--------+----------+---------------------------------------------------------------------------------------------------------------------------+


+-----------------------------------------------------+
; Post-Synthesis Netlist Statistics for Top Partition ;
+-----------------------+-----------------------------+
; Type                  ; Count                       ;
+-----------------------+-----------------------------+
; boundary_port         ; 119                         ;
; cycloneiii_ff         ; 115                         ;
;     plain             ; 115                         ;
; cycloneiii_lcell_comb ; 96                          ;
;     arith             ; 52                          ;
;         3 data inputs ; 52                          ;
;     normal            ; 44                          ;
;         0 data inputs ; 1                           ;
;         2 data inputs ; 19                          ;
;         3 data inputs ; 24                          ;
;                       ;                             ;
; Max LUT depth         ; 7.40                        ;
; Average LUT depth     ; 3.74                        ;
+-----------------------+-----------------------------+


+-------------------------------+
; Elapsed Time Per Partition    ;
+----------------+--------------+
; Partition Name ; Elapsed Time ;
+----------------+--------------+
; Top            ; 00:00:00     ;
+----------------+--------------+


+-------------------------------+
; Analysis & Synthesis Messages ;
+-------------------------------+
Info: *******************************************************************
Info: Running Quartus Prime Analysis & Synthesis
    Info: Version 20.1.1 Build 720 11/11/2020 SJ Lite Edition
    Info: Processing started: Sun Nov 07 16:14:20 2021
Info: Command: quartus_map --read_settings_files=on --write_settings_files=off dut -c dut
Warning (18236): Number of processors has not been specified which may cause overloading on shared machines.  Set the global assignment NUM_PARALLEL_PROCESSORS in your QSF to an appropriate value for best performance.
Info (20030): Parallel compilation is enabled and will use 6 of the 6 processors detected
Info (12021): Found 1 design units, including 1 entities, in source file half_adder_approx.sv
    Info (12023): Found entity 1: half_adder_approx File: C:/Users/chris/Dropbox/School/CME433/Literature/433_LiteratureReview/Prototypes/dut-approx/half_adder_approx.sv Line: 3
Info (12021): Found 1 design units, including 1 entities, in source file full_adder_approx.sv
    Info (12023): Found entity 1: full_adder_approx File: C:/Users/chris/Dropbox/School/CME433/Literature/433_LiteratureReview/Prototypes/dut-approx/full_adder_approx.sv Line: 3
Info (12021): Found 1 design units, including 1 entities, in source file dut.sv
    Info (12023): Found entity 1: dut File: C:/Users/chris/Dropbox/School/CME433/Literature/433_LiteratureReview/Prototypes/dut-approx/dut.sv Line: 1
Info (12021): Found 1 design units, including 1 entities, in source file carry_select_adder_sub_8bit.sv
    Info (12023): Found entity 1: carry_select_adder_sub_8bit File: C:/Users/chris/Dropbox/School/CME433/Literature/433_LiteratureReview/Prototypes/dut-approx/carry_select_adder_sub_8bit.sv Line: 5
Info (12021): Found 1 design units, including 1 entities, in source file carry_select_adder_8bit.sv
    Info (12023): Found entity 1: carry_select_adder_8bit File: C:/Users/chris/Dropbox/School/CME433/Literature/433_LiteratureReview/Prototypes/dut-approx/carry_select_adder_8bit.sv Line: 3
Info (12021): Found 1 design units, including 1 entities, in source file carry_look_ahead_adder_4bit.sv
    Info (12023): Found entity 1: carry_look_ahead_adder_4bit File: C:/Users/chris/Dropbox/School/CME433/Literature/433_LiteratureReview/Prototypes/dut-approx/carry_look_ahead_adder_4bit.sv Line: 3
Info (12021): Found 1 design units, including 1 entities, in source file booth_multiplier_8bit.sv
    Info (12023): Found entity 1: booth_multiplier_8bit File: C:/Users/chris/Dropbox/School/CME433/Literature/433_LiteratureReview/Prototypes/dut-approx/booth_multiplier_8bit.sv Line: 3
Info (12021): Found 1 design units, including 1 entities, in source file action_dec.sv
    Info (12023): Found entity 1: action_dec File: C:/Users/chris/Dropbox/School/CME433/Literature/433_LiteratureReview/Prototypes/dut-approx/action_dec.sv Line: 1
Info (12127): Elaborating entity "dut" for the top level hierarchy
Info (12128): Elaborating entity "booth_multiplier_8bit" for hierarchy "booth_multiplier_8bit:bm" File: C:/Users/chris/Dropbox/School/CME433/Literature/433_LiteratureReview/Prototypes/dut-approx/dut.sv Line: 64
Warning (10034): Output port "Cout" at booth_multiplier_8bit.sv(10) has no driver File: C:/Users/chris/Dropbox/School/CME433/Literature/433_LiteratureReview/Prototypes/dut-approx/booth_multiplier_8bit.sv Line: 10
Info (12128): Elaborating entity "action_dec" for hierarchy "booth_multiplier_8bit:bm|action_dec:block_0" File: C:/Users/chris/Dropbox/School/CME433/Literature/433_LiteratureReview/Prototypes/dut-approx/booth_multiplier_8bit.sv Line: 25
Info (12128): Elaborating entity "carry_select_adder_sub_8bit" for hierarchy "booth_multiplier_8bit:bm|action_dec:block_0|carry_select_adder_sub_8bit:adder_1" File: C:/Users/chris/Dropbox/School/CME433/Literature/433_LiteratureReview/Prototypes/dut-approx/action_dec.sv Line: 16
Info (12128): Elaborating entity "carry_select_adder_8bit" for hierarchy "booth_multiplier_8bit:bm|action_dec:block_0|carry_select_adder_sub_8bit:adder_1|carry_select_adder_8bit:csa_0" File: C:/Users/chris/Dropbox/School/CME433/Literature/433_LiteratureReview/Prototypes/dut-approx/carry_select_adder_sub_8bit.sv Line: 24
Info (12128): Elaborating entity "carry_look_ahead_adder_4bit" for hierarchy "booth_multiplier_8bit:bm|action_dec:block_0|carry_select_adder_sub_8bit:adder_1|carry_select_adder_8bit:csa_0|carry_look_ahead_adder_4bit:claa_0_LSB" File: C:/Users/chris/Dropbox/School/CME433/Literature/433_LiteratureReview/Prototypes/dut-approx/carry_select_adder_8bit.sv Line: 23
Warning (10855): Verilog HDL warning at carry_look_ahead_adder_4bit.sv(16): initial value for variable P should be constant File: C:/Users/chris/Dropbox/School/CME433/Literature/433_LiteratureReview/Prototypes/dut-approx/carry_look_ahead_adder_4bit.sv Line: 16
Warning (10855): Verilog HDL warning at carry_look_ahead_adder_4bit.sv(21): initial value for variable G should be constant File: C:/Users/chris/Dropbox/School/CME433/Literature/433_LiteratureReview/Prototypes/dut-approx/carry_look_ahead_adder_4bit.sv Line: 21
Warning (10030): Net "P" at carry_look_ahead_adder_4bit.sv(13) has no driver or initial value, using a default initial value '0' File: C:/Users/chris/Dropbox/School/CME433/Literature/433_LiteratureReview/Prototypes/dut-approx/carry_look_ahead_adder_4bit.sv Line: 13
Warning (10030): Net "G" at carry_look_ahead_adder_4bit.sv(14) has no driver or initial value, using a default initial value '0' File: C:/Users/chris/Dropbox/School/CME433/Literature/433_LiteratureReview/Prototypes/dut-approx/carry_look_ahead_adder_4bit.sv Line: 14
Info (12128): Elaborating entity "full_adder_approx" for hierarchy "booth_multiplier_8bit:bm|action_dec:block_0|carry_select_adder_sub_8bit:adder_1|carry_select_adder_8bit:csa_0|carry_look_ahead_adder_4bit:claa_0_LSB|full_adder_approx:fa_0" File: C:/Users/chris/Dropbox/School/CME433/Literature/433_LiteratureReview/Prototypes/dut-approx/carry_look_ahead_adder_4bit.sv Line: 32
Info (12128): Elaborating entity "half_adder_approx" for hierarchy "booth_multiplier_8bit:bm|action_dec:block_0|carry_select_adder_sub_8bit:adder_1|carry_select_adder_8bit:csa_0|carry_look_ahead_adder_4bit:claa_0_LSB|full_adder_approx:fa_0|half_adder_approx:ha1" File: C:/Users/chris/Dropbox/School/CME433/Literature/433_LiteratureReview/Prototypes/dut-approx/full_adder_approx.sv Line: 11
Warning (12241): 8 hierarchies have connectivity warnings - see the Connectivity Checks report folder
Warning (13024): Output pins are stuck at VCC or GND
    Warning (13410): Pin "decode_x[0]" is stuck at GND File: C:/Users/chris/Dropbox/School/CME433/Literature/433_LiteratureReview/Prototypes/dut-approx/dut.sv Line: 32
    Warning (13410): Pin "g0[0]" is stuck at GND File: C:/Users/chris/Dropbox/School/CME433/Literature/433_LiteratureReview/Prototypes/dut-approx/dut.sv Line: 32
    Warning (13410): Pin "Cout" is stuck at GND File: C:/Users/chris/Dropbox/School/CME433/Literature/433_LiteratureReview/Prototypes/dut-approx/dut.sv Line: 16
Info (286030): Timing-Driven Synthesis is running
Info (16010): Generating hard_block partition "hard_block:auto_generated_inst"
    Info (16011): Adding 0 node(s), including 0 DDIO, 0 PLL, 0 transceiver and 0 LCELL
Info (21057): Implemented 317 device resources after synthesis - the final resource count might be different
    Info (21058): Implemented 17 input pins
    Info (21059): Implemented 102 output pins
    Info (21061): Implemented 198 logic cells
Info: Quartus Prime Analysis & Synthesis was successful. 0 errors, 11 warnings
    Info: Peak virtual memory: 4789 megabytes
    Info: Processing ended: Sun Nov 07 16:14:27 2021
    Info: Elapsed time: 00:00:07
    Info: Total CPU time (on all processors): 00:00:16


